// Jest Snapshot v1, https://goo.gl/fbAQLP

exports[`result page shows correct answers 1`] = `
<div>
  <div
    class="jsx-1356833245 page"
  >
    <div
      class="jsx-1356833245 content"
    >
      <h2
        class="jsx-1915113496"
      >
        You scored 
        2
         out of 
        3
      </h2>
      <div
        class="jsx-1915113496 answer correct"
      >
        We are living in a simulation.
      </div>
      <div
        class="jsx-1915113496 answer incorrect"
      >
        We are living in a simulation.
      </div>
      <div
        class="jsx-1915113496 answer correct"
      >
        We are living in a simulation.
      </div>
    </div>
    <div
      class="jsx-1356833245 buttons"
    >
      <div
        class="jsx-1356833245 fade"
      />
      <button
        class="jsx-1356833245"
      >
        Play again
      </button>
    </div>
  </div>
</div>
`;
